#-----------------------------------------------------------
# Vivado v2021.2 (64-bit)
# SW Build 3367213 on Tue Oct 19 02:48:09 MDT 2021
# IP Build 3369179 on Thu Oct 21 08:25:16 MDT 2021
# Start of session at: Thu Nov 24 23:20:19 2022
# Process ID: 19380
# Current directory: F:/Verilog_Learn/sim_109_pulse_counters/vivado_prj_109/kt7
# Command line: vivado.exe -gui_launcher_event rodinguilauncherevent5512 F:\Verilog_Learn\sim_109_pulse_counters\vivado_prj_109\kt7\kt7.xpr
# Log file: F:/Verilog_Learn/sim_109_pulse_counters/vivado_prj_109/kt7/vivado.log
# Journal file: F:/Verilog_Learn/sim_109_pulse_counters/vivado_prj_109/kt7\vivado.jou
# Running On: ZHOUXXXX, OS: Windows, CPU Frequency: 2112 MHz, CPU Physical cores: 12, Host memory: 34137 MB
#-----------------------------------------------------------
start_gui
open_project F:/Verilog_Learn/sim_109_pulse_counters/vivado_prj_109/kt7/kt7.xpr
add_files -norecurse {F:/Verilog_Learn/sim_109_pulse_counters/design/vlg_design.v F:/Verilog_Learn/sim_109_pulse_counters/design/pulse_counter.v}
update_compile_order -fileset sources_1
update_compile_order -fileset sources_1
update_compile_order -fileset sources_1
update_compile_order -fileset sources_1
